
> CPE-Web-App@0.0.0 build
> npx puppeteer browsers install chrome && vite build && node scripts/prerender.js

chrome@141.0.7390.76 /Users/n3/.cache/puppeteer/chrome/mac_arm-141.0.7390.76/chrome-mac-arm64/Google Chrome for Testing.app/Contents/MacOS/Google Chrome for Testing
vite v6.3.6 building for production...
transforming...
✓ 2595 modules transformed.
[plugin vite:reporter] 
(!) /Users/n3/Github/Stevens-Online-Web-App-Naveen/src/data/blogs.json is dynamically imported by /Users/n3/Github/Stevens-Online-Web-App-Naveen/src/pages/Home.jsx but also statically imported by /Users/n3/Github/Stevens-Online-Web-App-Naveen/src/pages/Blog.jsx, /Users/n3/Github/Stevens-Online-Web-App-Naveen/src/pages/EngineeringEssentials.jsx, /Users/n3/Github/Stevens-Online-Web-App-Naveen/src/pages/MasteringComputerScience.jsx, /Users/n3/Github/Stevens-Online-Web-App-Naveen/src/pages/OnlineMBASuccess.jsx, /Users/n3/Github/Stevens-Online-Web-App-Naveen/src/pages/OtherPrograms.jsx, /Users/n3/Github/Stevens-Online-Web-App-Naveen/src/routes.jsx, dynamic import will not move module into another chunk.

rendering chunks...
computing gzip size...
dist/index.html                     1.33 kB │ gzip:   0.69 kB
dist/assets/index-BC3LmrUY.css    123.46 kB │ gzip:  19.45 kB
dist/assets/index-Bv-_l-4z.js   2,030.81 kB │ gzip: 530.46 kB

(!) Some chunks are larger than 500 kB after minification. Consider:
- Using dynamic import() to code-split the application
- Use build.rollupOptions.output.manualChunks to improve chunking: https://rollupjs.org/configuration-options/#output-manualchunks
- Adjust chunk size limit for this warning via build.chunkSizeWarningLimit.
✓ built in 6.06s
Starting pre-rendering process...
Found 158 routes to pre-render
Starting preview server...
Server running at http://localhost:4173
Environment: Local Development
Pre-rendering: / (1/158)
Pre-rendering: /ASAP/ (2/158)
Pre-rendering: /tuition-and-financial-aid/ (3/158)
Pre-rendering: /online-mba/ (4/158)
Pre-rendering: /online-masters-computer-science-mscs/ (5/158)
Pre-rendering: /online-masters-engineering-management/ (6/158)
Pre-rendering: /online-masters-data-science-msds/ (7/158)
Pre-rendering: /compare-our-programs/ (8/158)
Pre-rendering: /events/ (9/158)
Pre-rendering: /online-learning-experience/ (10/158)
Pre-rendering: /admissions/ (11/158)
Pre-rendering: /request-information/ (12/158)
Pre-rendering: /ProfessionalEducation (13/158)
Pre-rendering: /Certificates (14/158)
Pre-rendering: /TuitionOutcomes (15/158)
Pre-rendering: /explore/online-mba/ (16/158)
Pre-rendering: /explore/online-masters-engineering-management/ (17/158)
Pre-rendering: /explore/online-masters-data-science/ (18/158)
Pre-rendering: /explore/online-masters-computer-science/ (19/158)
Pre-rendering: /explore/ai-masters-computer-science/ (20/158)
Pre-rendering: /page-not-found/ (21/158)
Pre-rendering: /blog/ (22/158)
Pre-rendering: /blog/alkis-vazacopoulos-on-business-analytics-turning-data-into-decisions/ (23/158)
Pre-rendering: /blog/artificial-intelligence-and-innovation-in-engineering-management/ (24/158)
Pre-rendering: /blog/best-time-to-earn-your-masters-in-engineering-management/ (25/158)
Pre-rendering: /blog/big-data-jobs-skills-acquired-in-a-master/ (26/158)
Pre-rendering: /blog/budgeting-to-pay-for-your-mscs/ (27/158)
Pre-rendering: /blog/building-computer-systems-for-the-future-reza-peyrovian/ (28/158)
Pre-rendering: /blog/c-suite-executives-top-msds-grads-business/ (29/158)
Pre-rendering: /blog/coding-bootcamp-competing-today-job-market/ (30/158)
Pre-rendering: /blog/computer-science-ai-innovation-for-future/ (31/158)
Pre-rendering: /blog/computer-science-degree-requirements/ (32/158)
Pre-rendering: /blog/computer-science-salaries-outlook-for-2023/ (33/158)
Pre-rendering: /blog/computer-science-skills-developing-world/ (34/158)
Pre-rendering: /blog/covid-19s-impact-on-mba-admissions-process/ (35/158)
Pre-rendering: /blog/data-science-careers-for-stem-professionals/ (36/158)
Pre-rendering: /blog/data-science-masters-benefits/ (37/158)
Pre-rendering: /blog/data-science-masters-for-ai-future/ (38/158)
Pre-rendering: /blog/do-you-need-a-master-degree-for-data-science/ (39/158)
Pre-rendering: /blog/engineering-management-degree-admission/ (40/158)
Pre-rendering: /blog/engineering-management-vs-mba/ (41/158)
Pre-rendering: /blog/engineering-manager-or-tech-lead-choosing-your-path/ (42/158)
Pre-rendering: /blog/engineering-manager-salary-guide/ (43/158)
Pre-rendering: /blog/engineering-technology-masters-program/ (44/158)
Pre-rendering: /blog/explore-computer-science-salary-and-job-outlook-2024/ (45/158)
Pre-rendering: /blog/finding-success-in-engineering-leadership/ (46/158)
Pre-rendering: /blog/from-engineering-manager-program/ (47/158)
Pre-rendering: /blog/gain-technical-depth-with-a-computer-science-masters-mscs/ (48/158)
Pre-rendering: /blog/highest-paying-computer-science-skills/ (49/158)
Pre-rendering: /blog/how-immersion-enhances-the-stevens-online-mba-experience/ (50/158)
Pre-rendering: /blog/how-to-balance-a-full-time-job-and-an-online-mscs/ (51/158)
Pre-rendering: /blog/how-to-strengthen-your-online-mba-application/ (52/158)
Pre-rendering: /blog/integration-of-artificial-intelligence-in-business-strategy/ (53/158)
Pre-rendering: /blog/managing-engineers-unique-skill-sets/ (54/158)
Pre-rendering: /blog/mba-career-paths-new-pursuits/ (55/158)
Pre-rendering: /blog/mba-equips-leaders-with-financial-and-managerial-accounting-skills/ (56/158)
Pre-rendering: /blog/mba-program-fits-entrepreneurship-journey/ (57/158)
Pre-rendering: /blog/online-computer-science-degree-mscs/ (58/158)
Pre-rendering: /blog/online-data-science-vs-computer-science/ (59/158)
Pre-rendering: /blog/online-distance-learning-degree/ (60/158)
Pre-rendering: /blog/online-engineering-management-requirements/ (61/158)
Pre-rendering: /blog/online-learning-experience-at-stevens-institute-of-technology/ (62/158)
Pre-rendering: /blog/online-mscs-develops-skills-required-for-remote-computer-science-jobs/ (63/158)
Pre-rendering: /blog/origins-of-engineering-management-mem-degree/ (64/158)
Pre-rendering: /blog/outlook-for-data-science-occupations/ (65/158)
Pre-rendering: /blog/prepare-for-remote-computer-science-jobs-with-an-mscs/ (66/158)
Pre-rendering: /blog/real-life-data-science-masters-degree/ (67/158)
Pre-rendering: /blog/remote-computer-jobs-online-msds-grads/ (68/158)
Pre-rendering: /blog/safer-and-more-secure-software-design/ (69/158)
Pre-rendering: /blog/steven-mscs-focus-areas/ (70/158)
Pre-rendering: /blog/stevens-asap-application/ (71/158)
Pre-rendering: /blog/stevens-institute-master-of-computer-science-program-who-is-a-good-fit/ (72/158)
Pre-rendering: /blog/stevens-master-of-science-in-data-science-hands-on-skills/ (73/158)
Pre-rendering: /blog/stevens-online-mba-employer-tuition-assistance/ (74/158)
Pre-rendering: /blog/submit-a-stronger-msds-application-start-with-application-walkthrough/ (75/158)
Pre-rendering: /blog/supply-chain-management-sustainability/ (76/158)
Pre-rendering: /blog/tech-management-jobs/ (77/158)
Pre-rendering: /blog/the-data-science-bubble-essential-for-you/ (78/158)
Pre-rendering: /blog/the-top-data-science-trends-today/ (79/158)
Pre-rendering: /blog/the-true-benefits-for-online-mba-graduates/ (80/158)
Pre-rendering: /blog/top-best-data-science-programs/ (81/158)
Pre-rendering: /blog/top-mba-jobs-for-2025-graduates/ (82/158)
Pre-rendering: /blog/top-online-master-engineering-curriculum/ (83/158)
Pre-rendering: /blog/why-an-mscs-is-better-than-moocs/ (84/158)
Pre-rendering: /blog/why-computer-science-is-important/ (85/158)
Pre-rendering: /blog/why-top-online-mba-programs-emphasize-technical-foundation/ (86/158)
Pre-rendering: /blog/with-an-online-mba-jobs-become-more-accessible/ (87/158)
Pre-rendering: /blog/your-data-science-resume/ (88/158)
Pre-rendering: /topics/engineering-essentials/ (89/158)
Pre-rendering: /topics/mastering-computer-science/ (90/158)
Pre-rendering: /topics/online-mba-success/ (91/158)
Pre-rendering: /topics/uncategorized/ (92/158)
Pre-rendering: /topics/online-mba-success/alkis-vazacopoulos-on-business-analytics-turning-data-into-decisions/ (93/158)
Pre-rendering: /topics/engineering-essentials/artificial-intelligence-and-innovation-in-engineering-management/ (94/158)
Pre-rendering: /topics/engineering-essentials/best-time-to-earn-your-masters-in-engineering-management/ (95/158)
Pre-rendering: /topics/uncategorized/big-data-jobs-skills-acquired-in-a-master/ (96/158)
Pre-rendering: /topics/mastering-computer-science/budgeting-to-pay-for-your-mscs/ (97/158)
Pre-rendering: /topics/mastering-computer-science/building-computer-systems-for-the-future-reza-peyrovian/ (98/158)
Pre-rendering: /topics/uncategorized/c-suite-executives-top-msds-grads-business/ (99/158)
Pre-rendering: /topics/mastering-computer-science/coding-bootcamp-competing-today-job-market/ (100/158)
Pre-rendering: /topics/mastering-computer-science/computer-science-ai-innovation-for-future/ (101/158)
Pre-rendering: /topics/mastering-computer-science/computer-science-degree-requirements/ (102/158)
Pre-rendering: /topics/mastering-computer-science/computer-science-salaries-outlook-for-2023/ (103/158)
Pre-rendering: /topics/mastering-computer-science/computer-science-skills-developing-world/ (104/158)
Pre-rendering: /topics/online-mba-success/covid-19s-impact-on-mba-admissions-process/ (105/158)
Pre-rendering: /topics/uncategorized/data-science-careers-for-stem-professionals/ (106/158)
Pre-rendering: /topics/uncategorized/data-science-masters-benefits/ (107/158)
Pre-rendering: /topics/uncategorized/data-science-masters-for-ai-future/ (108/158)
Pre-rendering: /topics/uncategorized/do-you-need-a-master-degree-for-data-science/ (109/158)
Pre-rendering: /topics/engineering-essentials/engineering-management-degree-admission/ (110/158)
Pre-rendering: /topics/online-mba-success/engineering-management-vs-mba/ (111/158)
Pre-rendering: /topics/engineering-essentials/engineering-manager-or-tech-lead-choosing-your-path/ (112/158)
Pre-rendering: /topics/engineering-essentials/engineering-manager-salary-guide/ (113/158)
Pre-rendering: /topics/engineering-essentials/engineering-technology-masters-program/ (114/158)
Pre-rendering: /topics/mastering-computer-science/explore-computer-science-salary-and-job-outlook-2024/ (115/158)
Pre-rendering: /topics/engineering-essentials/finding-success-in-engineering-leadership/ (116/158)
Pre-rendering: /topics/engineering-essentials/from-engineering-manager-program/ (117/158)
Pre-rendering: /topics/mastering-computer-science/gain-technical-depth-with-a-computer-science-masters-mscs/ (118/158)
Pre-rendering: /topics/mastering-computer-science/highest-paying-computer-science-skills/ (119/158)
Pre-rendering: /topics/online-mba-success/how-immersion-enhances-the-stevens-online-mba-experience/ (120/158)
Pre-rendering: /topics/mastering-computer-science/how-to-balance-a-full-time-job-and-an-online-mscs/ (121/158)
Pre-rendering: /topics/online-mba-success/how-to-strengthen-your-online-mba-application/ (122/158)
Pre-rendering: /topics/online-mba-success/integration-of-artificial-intelligence-in-business-strategy/ (123/158)
Pre-rendering: /topics/engineering-essentials/managing-engineers-unique-skill-sets/ (124/158)
Pre-rendering: /topics/online-mba-success/mba-career-paths-new-pursuits/ (125/158)
Pre-rendering: /topics/online-mba-success/mba-equips-leaders-with-financial-and-managerial-accounting-skills/ (126/158)
Pre-rendering: /topics/online-mba-success/mba-program-fits-entrepreneurship-journey/ (127/158)
Pre-rendering: /topics/mastering-computer-science/online-computer-science-degree-mscs/ (128/158)
Pre-rendering: /topics/mastering-computer-science/online-data-science-vs-computer-science/ (129/158)
Pre-rendering: /topics/engineering-essentials/online-distance-learning-degree/ (130/158)
Pre-rendering: /topics/engineering-essentials/online-engineering-management-requirements/ (131/158)
Pre-rendering: /topics/engineering-essentials/online-learning-experience-at-stevens-institute-of-technology/ (132/158)
Pre-rendering: /topics/mastering-computer-science/online-mscs-develops-skills-required-for-remote-computer-science-jobs/ (133/158)
Pre-rendering: /topics/engineering-essentials/origins-of-engineering-management-mem-degree/ (134/158)
Pre-rendering: /topics/uncategorized/outlook-for-data-science-occupations/ (135/158)
Pre-rendering: /topics/mastering-computer-science/prepare-for-remote-computer-science-jobs-with-an-mscs/ (136/158)
Pre-rendering: /topics/uncategorized/real-life-data-science-masters-degree/ (137/158)
Pre-rendering: /topics/uncategorized/remote-computer-jobs-online-msds-grads/ (138/158)
Pre-rendering: /topics/mastering-computer-science/safer-and-more-secure-software-design/ (139/158)
Pre-rendering: /topics/mastering-computer-science/steven-mscs-focus-areas/ (140/158)
Pre-rendering: /topics/engineering-essentials/stevens-asap-application/ (141/158)
Pre-rendering: /topics/mastering-computer-science/stevens-institute-master-of-computer-science-program-who-is-a-good-fit/ (142/158)
Pre-rendering: /topics/uncategorized/stevens-master-of-science-in-data-science-hands-on-skills/ (143/158)
Pre-rendering: /topics/online-mba-success/stevens-online-mba-employer-tuition-assistance/ (144/158)
Pre-rendering: /topics/uncategorized/submit-a-stronger-msds-application-start-with-application-walkthrough/ (145/158)
Pre-rendering: /topics/engineering-essentials/supply-chain-management-sustainability/ (146/158)
Pre-rendering: /topics/online-mba-success/tech-management-jobs/ (147/158)
Pre-rendering: /topics/uncategorized/the-data-science-bubble-essential-for-you/ (148/158)
Pre-rendering: /topics/uncategorized/the-top-data-science-trends-today/ (149/158)
Pre-rendering: /topics/online-mba-success/the-true-benefits-for-online-mba-graduates/ (150/158)
Pre-rendering: /topics/uncategorized/top-best-data-science-programs/ (151/158)
Pre-rendering: /topics/online-mba-success/top-mba-jobs-for-2025-graduates/ (152/158)
Pre-rendering: /topics/engineering-essentials/top-online-master-engineering-curriculum/ (153/158)
Pre-rendering: /topics/mastering-computer-science/why-an-mscs-is-better-than-moocs/ (154/158)
Pre-rendering: /topics/mastering-computer-science/why-computer-science-is-important/ (155/158)
Pre-rendering: /topics/online-mba-success/why-top-online-mba-programs-emphasize-technical-foundation/ (156/158)
Pre-rendering: /topics/online-mba-success/with-an-online-mba-jobs-become-more-accessible/ (157/158)
Pre-rendering: /topics/uncategorized/your-data-science-resume/ (158/158)

Successfully pre-rendered 158 pages!
